{
    "error": {
        "error_msg": "Invalid parameter: email_addres",
        "error_name": "bad_request"
    }
}
