{
    "error": {
        "error_msg": "Unknown error",
        "error_name": "unknown"
    }
}
