{
    "list_info": {
        "page": 1,
        "num_pages": 71,
        "num_results": 142,
        "page_size": 2
    },
    "signature_requests": [
        {
            "signature_request_id": "af76a44fc9e0e67c3c1a23f1292563077cd01d5d",
            "test_mode": false,
            "title": "Dokumen resign",
            "original_title": "Check List Resignation Form_Kurio_MIlham",
            "subject": "Dokumen resign",
            "message": "dokumen resign",
            "metadata": {},
            "created_at": 1593664935,
            "is_complete": true,
            "is_declined": false,
            "has_error": false,
            "custom_fields": [],
            "response_data": [
                {
                    "name": "HRD Manager",
                    "type": "signature",
                    "required": true,
                    "api_id": "44578012-663a-4ae1-8131-b7aecacd6311",
                    "value": null,
                    "signature_id": "fb27d49defc2ad9f23b2bce25bb13ffc"
                }
            ],
            "signing_url": "https://app.hellosign.com/sign/af76a44fc9e0e67c3c1a23f1292563077cd01d5d",
            "signing_redirect_url": null,
            "final_copy_uri": "/v3/signature_request/final_copy/af76a44fc9e0e67c3c1a23f1292563077cd01d5d",
            "files_url": "https://api.hellosign.com/v3/signature_request/files/af76a44fc9e0e67c3c1a23f1292563077cd01d5d",
            "details_url": "https://app.hellosign.com/home/manage?guid=af76a44fc9e0e67c3c1a23f1292563077cd01d5d",
            "requester_email_address": "m.ilham.hidayat.95@gmail.com",
            "signatures": [
                {
                    "signature_id": "fb27d49defc2ad9f23b2bce25bb13ffc",
                    "has_pin": false,
                    "signer_email_address": "photon628@gmail.com",
                    "signer_name": "M Ilham H",
                    "signer_role": null,
                    "order": null,
                    "status_code": "signed",
                    "signed_at": 1593665121,
                    "last_viewed_at": 1593665085,
                    "last_reminded_at": null,
                    "error": null
                }
            ],
            "cc_email_addresses": [],
            "template_ids": null
        },
        {
            "signature_request_id": "ff09a0f6d37a84404f29b98e4d8e6c6f1ccfc701",
            "test_mode": true,
            "title": "CPK9_PO_19_00895_2019_05_13_11_11_21",
            "original_title": "LEASE AGREEMENT M Ilham H",
            "subject": "LEASE AGREEMENT M Ilham H",
            "message": "Dear Sir/Madam, \n\nPlease find attached the Lease Agreement between CoHive and your Company for your signatories purposes.\n\nWe look forward to receiving the HelloSign signed Lease Agreement from your side.\n\nThank you for your cooperation and welcome to CoHiveâ€™s family.\n\nBest regards,\n\nCoHive",
            "metadata": {},
            "created_at": 1557720696,
            "is_complete": false,
            "is_declined": false,
            "has_error": false,
            "custom_fields": [],
            "response_data": [],
            "signing_url": "https://app.hellosign.com/sign/ff09a0f6d37a84404f29b98e4d8e6c6f1ccfc701",
            "signing_redirect_url": null,
            "final_copy_uri": "/v3/signature_request/final_copy/ff09a0f6d37a84404f29b98e4d8e6c6f1ccfc701",
            "files_url": "https://api.hellosign.com/v3/signature_request/files/ff09a0f6d37a84404f29b98e4d8e6c6f1ccfc701",
            "details_url": "https://app.hellosign.com/home/manage?guid=ff09a0f6d37a84404f29b98e4d8e6c6f1ccfc701",
            "requester_email_address": "qa.evisea@gmail.com",
            "signatures": [
                {
                    "signature_id": "dc25b7aa90799353ae2c904d5c1a1dec",
                    "has_pin": false,
                    "signer_email_address": "qa.evisea@gmail.com",
                    "signer_name": "QA",
                    "signer_role": null,
                    "order": 0,
                    "status_code": "awaiting_signature",
                    "signed_at": null,
                    "last_viewed_at": null,
                    "last_reminded_at": null,
                    "error": null
                },
                {
                    "signature_id": "5202916f244169e6bf7b991b961e4359",
                    "has_pin": false,
                    "signer_email_address": "photon628@gmail.com",
                    "signer_name": "M Ilham H",
                    "signer_role": null,
                    "order": 1,
                    "status_code": "awaiting_signature",
                    "signed_at": null,
                    "last_viewed_at": null,
                    "last_reminded_at": null,
                    "error": null
                }
            ],
            "cc_email_addresses": [
                "qa.cgs.evisea@gmail.com",
                "ilham@cohive.space",
                "qa.bds.evisea@outlook.com"
            ],
            "template_ids": null
        }
    ]
}
