{
    "team":{
        "name":"Team HelloSign",
        "accounts":[
            {
                "account_id":"5008b25c7f67153e57d5a357b1687968068fb465",
                "email_address":"me@hellosign.com",
                "is_locked":false,
                "is_paid_hs":true,
                "is_paid_hf":false,
                "quotas":{
                    "templates_left":null,
                    "documents_left":null,
                    "api_signature_requests_left":1250
                },
                "role_code":"a"
            },
            {
                "account_id":"d3d3d7b98d80b67d07740df7cdfd1f49fa8e2b82",
                "email_address":"teammate@hellosign.com",
                "is_locked":false,
                "is_paid_hs":true,
                "is_paid_hf":false,
                "quotas":{
                    "templates_left":null,
                    "documents_left":null,
                    "api_signature_requests_left":1250
                },
                "role_code":"m"
            }
        ],
        "invited_accounts":[
            {
                "account_id":"d6e9ca346b183e565ce8f9a26be565c021356b0b",
                "email_address":"team_member@hellosign.com",
                "is_paid_hs":false,
                "is_paid_hf":false,
                "quotas":{
                    "templates_left":0,
                    "documents_left":3,
                    "api_signature_requests_left":0
                }
            }
        ]
    },
    "warnings":[
        {
            "warning_msg":"Invited user already has an outstanding invitation",
            "warning_name":"add_member"
        }
    ]
}
